// Jest Snapshot v1, https://goo.gl/fbAQLP

exports[`--Test Customer component-- renders correctly 1`] = `
<View
  style={
    Object {
      "borderWidth": 0.5,
      "flexDirection": "row",
      "justifyContent": "space-between",
      "margin": 10,
      "padding": 10,
    }
  }
>
  <Text
    style={
      Object {
        "flexGrow": 1,
        "fontSize": 16,
        "margin": 5,
        "width": 335,
      }
    }
  >
    123
  </Text>
  <Text
    style={
      Object {
        "flexGrow": 1,
        "fontSize": 16,
        "margin": 5,
        "width": 335,
      }
    }
  >
    Joe
  </Text>
</View>
`;
