// Jest Snapshot v1, https://goo.gl/fbAQLP

exports[`--Test CustomerList component-- renders correctly 1`] = `
<RCTScrollView
  ListHeaderComponent={[Function]}
  data={
    Array [
      Object {
        "latitude": "52.986375",
        "longitude": "-6.043701",
        "name": "Christina McArdle",
        "user_id": 12,
      },
    ]
  }
  disableVirtualization={false}
  getItem={[Function]}
  getItemCount={[Function]}
  horizontal={false}
  initialNumToRender={10}
  keyExtractor={[Function]}
  maxToRenderPerBatch={10}
  onContentSizeChange={[Function]}
  onEndReachedThreshold={2}
  onLayout={[Function]}
  onMomentumScrollEnd={[Function]}
  onScroll={[Function]}
  onScrollBeginDrag={[Function]}
  onScrollEndDrag={[Function]}
  removeClippedSubviews={false}
  renderItem={[Function]}
  scrollEventThrottle={50}
  stickyHeaderIndices={Array []}
  updateCellsBatchingPeriod={50}
  viewabilityConfigCallbackPairs={Array []}
  windowSize={21}
>
  <View>
    <View
      onLayout={[Function]}
    >
      <View>
        <Text
          style={
            Object {
              "fontSize": 20,
              "fontWeight": "bold",
              "marginTop": 20,
              "padding": 10,
              "textAlign": "center",
              "textDecorationLine": "underline",
            }
          }
        >
          Customers within 100 Km
        </Text>
        <View
          style={
            Object {
              "borderWidth": 0.5,
              "flexDirection": "row",
              "justifyContent": "space-between",
              "margin": 10,
              "padding": 10,
            }
          }
        >
          <Text
            style={
              Object {
                "flexGrow": 1,
                "fontSize": 18,
                "fontWeight": "bold",
                "margin": 5,
                "width": 335,
              }
            }
          >
            User ID
          </Text>
          <Text
            style={
              Object {
                "flexGrow": 1,
                "fontSize": 18,
                "fontWeight": "bold",
                "margin": 5,
                "width": 335,
              }
            }
          >
            Name
          </Text>
        </View>
      </View>
    </View>
    <View
      onLayout={[Function]}
      style={null}
    >
      <View
        style={
          Object {
            "borderWidth": 0.5,
            "flexDirection": "row",
            "justifyContent": "space-between",
            "margin": 10,
            "padding": 10,
          }
        }
      >
        <Text
          style={
            Object {
              "flexGrow": 1,
              "fontSize": 16,
              "margin": 5,
              "width": 335,
            }
          }
        >
          12
        </Text>
        <Text
          style={
            Object {
              "flexGrow": 1,
              "fontSize": 16,
              "margin": 5,
              "width": 335,
            }
          }
        >
          Christina McArdle
        </Text>
      </View>
    </View>
  </View>
</RCTScrollView>
`;
